// Jest Snapshot v1, https://goo.gl/fbAQLP

exports[`HomeView renders correctly 1`] = `
<HomeView
  error={null}
  getPostsByUserId={[Function]}
  isLoading={false}
  posts={
    Array [
      Object {
        "body": "test content 1",
        "id": 1,
        "title": "test 1",
      },
      Object {
        "body": "test content 2",
        "id": 2,
        "title": "test 2",
      },
    ]
  }
>
  <div
    className="HomeView"
  >
    <h1>
      Posts
    </h1>
    <div
      className="HomeView-post"
    >
      <img
        alt="test 1"
        src="http://lorempixel.com/200/200/animals/1"
      />
      <h2>
        test 1
      </h2>
      <p>
        <Link
          replace={false}
          to="/post/1"
        >
          <a
            href="/post/1"
            onClick={[Function]}
          >
            view more
          </a>
        </Link>
      </p>
    </div>
    <div
      className="HomeView-post"
    >
      <img
        alt="test 2"
        src="http://lorempixel.com/200/200/animals/2"
      />
      <h2>
        test 2
      </h2>
      <p>
        <Link
          replace={false}
          to="/post/2"
        >
          <a
            href="/post/2"
            onClick={[Function]}
          >
            view more
          </a>
        </Link>
      </p>
    </div>
  </div>
</HomeView>
`;
